73
85
80
54
84
97
7
70
69
33
81
3
82
94
48
21
23
43
66
51
4
15
30
96
29
41
78
87
14
40
89
6
71
36
50
76
77
10
58
83
55
49
28
13
34
45
0
92
90
37
93
38
35
99
56
95
19
39
42
72
62
52
88
18
60
79
57
75
98
5
25
16
2
59
74
68
46
27
1
12
44
8
22
9
65
61
24
53
63
67
20
11
47
26
17
32
91
64
86
31
